[30mfg  [0m [31mfg  [0m [32mfg  [0m [33mfg  [0m [34mfg  [0m [35mfg  [0m [36mfg  [0m [37mfg  [0m
[40mbg  [0m [41mbg  [0m [42mbg  [0m [43mbg  [0m [44mbg  [0m [45mbg  [0m [46mbg  [0m [47mbg  [0m
[90mfgb [0m [91mfgb [0m [92mfgb [0m [93mfgb [0m [94mfgb [0m [95mfgb [0m [96mfgb [0m [97mfgb [0m
[100mbgb [0m [101mbgb [0m [102mbgb [0m [103mbgb [0m [104mbgb [0m [105mbgb [0m [106mbgb [0m [107mbgb [0m
[30;40mfgbg[0m [31;41mfgbg[0m [32;42mfgbg[0m [33;43mfgbg[0m [34;44mfgbg[0m [35;45mfgbg[0m [36;46mfgbg[0m [37;47mfgbg[0m
[31mred [39mnone[0m[31m red[0m
[91mketchup [103mmustard[0m[91m ketchup[0m
strip all colors from strings should work
